[debug] [2026-03-23T15:25:48.420Z] ----------------------------------------------------------------------
[debug] [2026-03-23T15:25:48.425Z] Command:       C:\Program Files\nodejs\node.exe C:\Users\anjal\my-app\node_modules\firebase-tools\lib\bin\firebase.js deploy --only database --project schedulix-de3be
[debug] [2026-03-23T15:25:48.425Z] CLI Version:   15.5.1
[debug] [2026-03-23T15:25:48.426Z] Platform:      win32
[debug] [2026-03-23T15:25:48.426Z] Node Version:  v24.12.0
[debug] [2026-03-23T15:25:48.426Z] Time:          Mon Mar 23 2026 20:55:48 GMT+0530 (India Standard Time)
[debug] [2026-03-23T15:25:48.426Z] ----------------------------------------------------------------------
[debug] 
[debug] [2026-03-23T15:25:48.430Z] >>> [apiv2][query] GET https://firebase-public.firebaseio.com/cli.json [none]
[debug] [2026-03-23T15:25:54.978Z] > command requires scopes: ["email","openid","https://www.googleapis.com/auth/cloudplatformprojects.readonly","https://www.googleapis.com/auth/firebase","https://www.googleapis.com/auth/cloud-platform"]
[debug] [2026-03-23T15:25:54.979Z] > authorizing via signed-in user (anjalyps20@gmail.com)
[debug] [2026-03-23T15:25:54.979Z] [iam] checking project schedulix-de3be for permissions ["firebase.projects.get","firebasedatabase.instances.update"]
[debug] [2026-03-23T15:25:54.980Z] Checked if tokens are valid: false, expires at: 1770746560567
[debug] [2026-03-23T15:25:54.981Z] Checked if tokens are valid: false, expires at: 1770746560567
[debug] [2026-03-23T15:25:54.981Z] > refreshing access token with scopes: []
[debug] [2026-03-23T15:25:54.985Z] >>> [apiv2][query] POST https://www.googleapis.com/oauth2/v3/token [none]
[debug] [2026-03-23T15:25:54.985Z] >>> [apiv2][body] POST https://www.googleapis.com/oauth2/v3/token [omitted]
[debug] [2026-03-23T15:25:56.326Z] <<< [apiv2][status] GET https://firebase-public.firebaseio.com/cli.json 200
[debug] [2026-03-23T15:25:56.327Z] <<< [apiv2][body] GET https://firebase-public.firebaseio.com/cli.json {"cloudBuildErrorAfter":1594252800000,"cloudBuildWarnAfter":1590019200000,"defaultNode10After":1594252800000,"minVersion":"3.0.5","node8DeploysDisabledAfter":1613390400000,"node8RuntimeDisabledAfter":1615809600000,"node8WarnAfter":1600128000000}
[debug] [2026-03-23T15:25:56.366Z] <<< [apiv2][status] POST https://www.googleapis.com/oauth2/v3/token 200
[debug] [2026-03-23T15:25:56.366Z] <<< [apiv2][body] POST https://www.googleapis.com/oauth2/v3/token [omitted]
[debug] [2026-03-23T15:25:56.376Z] >>> [apiv2][query] POST https://cloudresourcemanager.googleapis.com/v1/projects/schedulix-de3be:testIamPermissions [none]
[debug] [2026-03-23T15:25:56.376Z] >>> [apiv2][(partial)header] POST https://cloudresourcemanager.googleapis.com/v1/projects/schedulix-de3be:testIamPermissions  x-goog-user-project=schedulix-de3be
[debug] [2026-03-23T15:25:56.376Z] >>> [apiv2][body] POST https://cloudresourcemanager.googleapis.com/v1/projects/schedulix-de3be:testIamPermissions {"permissions":["firebase.projects.get","firebasedatabase.instances.update"]}
[debug] [2026-03-23T15:25:57.884Z] <<< [apiv2][status] POST https://cloudresourcemanager.googleapis.com/v1/projects/schedulix-de3be:testIamPermissions 200
[debug] [2026-03-23T15:25:57.884Z] <<< [apiv2][body] POST https://cloudresourcemanager.googleapis.com/v1/projects/schedulix-de3be:testIamPermissions {"permissions":["firebase.projects.get","firebasedatabase.instances.update"]}
[debug] [2026-03-23T15:25:57.884Z] Checked if tokens are valid: true, expires at: 1774283155366
[debug] [2026-03-23T15:25:57.885Z] Checked if tokens are valid: true, expires at: 1774283155366
[debug] [2026-03-23T15:25:57.885Z] >>> [apiv2][query] GET https://firebase.googleapis.com/v1beta1/projects/schedulix-de3be [none]
[debug] [2026-03-23T15:26:04.519Z] <<< [apiv2][status] GET https://firebase.googleapis.com/v1beta1/projects/schedulix-de3be 200
[debug] [2026-03-23T15:26:04.519Z] <<< [apiv2][body] GET https://firebase.googleapis.com/v1beta1/projects/schedulix-de3be {"projectId":"schedulix-de3be","projectNumber":"555062503511","displayName":"Schedulix","name":"projects/schedulix-de3be","resources":{"hostingSite":"schedulix-de3be","realtimeDatabaseInstance":"schedulix-de3be-default-rtdb"},"state":"ACTIVE","etag":"1_b95bc88a-7e92-4468-8902-7b8ff3d57632"}
[info] 
[info] === Deploying to 'schedulix-de3be'...
[info] 
[info] i  deploying database 
[info] i  database: checking rules syntax... 
[debug] [2026-03-23T15:26:04.524Z] Checked if tokens are valid: true, expires at: 1774283155366
[debug] [2026-03-23T15:26:04.524Z] Checked if tokens are valid: true, expires at: 1774283155366
[debug] [2026-03-23T15:26:04.524Z] >>> [apiv2][query] GET https://firebasedatabase.googleapis.com/v1beta/projects/schedulix-de3be/locations/-/instances/schedulix-de3be-default-rtdb [none]
[debug] [2026-03-23T15:26:14.529Z] *** [apiv2] error from fetch(https://firebasedatabase.googleapis.com/v1beta/projects/schedulix-de3be/locations/-/instances/schedulix-de3be-default-rtdb, {"headers":{},"method":"GET","signal":{"reason":""}}): AbortError: The user aborted a request.
[debug] [2026-03-23T15:26:14.529Z] Timeout reached making request to https://firebasedatabase.googleapis.com/v1beta/projects/schedulix-de3be/locations/-/instances/schedulix-de3be-default-rtdb
[debug] [2026-03-23T15:26:19.545Z] Error: Timed out.
    at Timeout._onTimeout (C:\Users\anjal\my-app\node_modules\firebase-tools\lib\utils.js:308:49)
    at listOnTimeout (node:internal/timers:605:17)
    at process.processTimers (node:internal/timers:541:7)
[error] 
[error] Error: An unexpected error has occurred.
